// Vitest Snapshot v1, https://vitest.dev/guide/snapshot.html

exports[`parseConfig > generate a default config 1`] = `
{
  "configuration": {
    "debug": true,
    "path": ".",
    "pathBaseline": "./.owner-todo.yml",
    "quiet": false,
    "stopFirstError": false,
  },
  "exclude": [],
  "features": {},
  "teams": {},
}
`;
